<comments change="123" filter="all" threads="3" drafts="0">
<file path="core/scanner.go">
<thread resolved="true">
<comment id="c1" author="Bob (bob)" date="2026-07-01T10:00:00Z" patch_set="1" line="10">
Is this nil-safe?
</comment>
<comment id="c2" author="Alice (alice)" date="2026-07-01T11:00:00Z" patch_set="1" line="10" in_reply_to="c1">
Fixed in ps2
</comment>
</thread>
<thread resolved="false">
<comment id="c3" author="Bob (bob)" date="2026-07-02T09:00:00Z" patch_set="2" lines="20-25">
This block races
</comment>
</thread>
</file>
<file path="docs/readme.md">
<thread resolved="true">
<comment id="c4" author="Alice (alice)" date="2026-07-01T12:00:00Z" line="1" in_reply_to="gone">
Orphan reply
</comment>
</thread>
</file>
</comments>