<review_activity change="123" project="core" status="MERGED" updated="2026-07-02T11:30:00Z">
<message author="Bob (bob)" date="2026-07-02T11:30:00Z" revision="2">
Change has been merged
</message>
<vote label="Code-Review" value="2" by="Bob (bob)" date="2026-07-02T11:29:00Z"/>
<file path="main.go">
<thread resolved="false">
<comment id="c1" author="Bob (bob)" date="2026-07-01T10:00:00Z" patch_set="1" line="3">
nil deref here
</comment>
<comment id="c2" author="Alice (alice)" date="2026-07-02T11:30:00Z" patch_set="1" line="3" in_reply_to="c1">
fixed in ps2
</comment>
</thread>
</file>
<transition from="NEW" to="MERGED"/>
<subscription ended="true">
The change reached MERGED, so this subscription ended automatically; no further notifications for this change will arrive.
</subscription>
</review_activity>