<review_activity change="123" project="core" status="ABANDONED" updated="2026-07-02T11:30:00Z">
<transition from="NEW" to="ABANDONED"/>
<subscription ended="true">
The change reached ABANDONED, so this subscription ended automatically; no further notifications for this change will arrive.
</subscription>
</review_activity>